Microsoft Windows [Version 10.0.17763.292]
(c) 2018 Microsoft Corporation. All rights reserved.

C:\wamp\www\userRegistrationApi>npm install node

> node@12.13.0 preinstall C:\wamp\www\userRegistrationApi\node_modules\node
> node installArchSpecificPackage

+ node-win-x64@12.13.0
added 1 package in 4.419s
found 0 vulnerabilities

npm WARN saveError ENOENT: no such file or directory, open 'C:\wamp\www\userRegistrationApi\package.json'
npm notice created a lockfile as package-lock.json. You should commit this file.
npm WARN enoent ENOENT: no such file or directory, open 'C:\wamp\www\userRegistrationApi\package.json'
npm WARN userRegistrationApi No description
npm WARN userRegistrationApi No repository field.
npm WARN userRegistrationApi No README data
npm WARN userRegistrationApi No license field.

+ node@12.13.0
added 2 packages from 1 contributor and audited 2 packages in 10.081s
found 0 vulnerabilities


C:\wamp\www\userRegistrationApi>npm init -y
Wrote to C:\wamp\www\userRegistrationApi\package.json:

{
  "name": "userRegistrationApi",
  "version": "1.0.0",
  "description": "",
  "main": "index.js",
  "dependencies": {
    "node": "^12.13.0"
  },
  "devDependencies": {},
  "scripts": {
    "test": "echo \"Error: no test specified\" && exit 1"
  },
  "keywords": [],
  "author": "",
  "license": "ISC"
}



C:\wamp\www\userRegistrationApi>npm install express --save
npm WARN userRegistrationApi@1.0.0 No description
npm WARN userRegistrationApi@1.0.0 No repository field.

+ express@4.17.1
added 50 packages from 37 contributors, removed 1 package and audited 128 packages in 13.665s
found 0 vulnerabilities


C:\wamp\www\userRegistrationApi>npm -g install nodemon --save-dev
C:\Users\Parinda\AppData\Roaming\npm\nodemon -> C:\Users\Parinda\AppData\Roaming\npm\node_modules\nodemon\bin\nodemon.js

> nodemon@1.19.4 postinstall C:\Users\Parinda\AppData\Roaming\npm\node_modules\nodemon
> node bin/postinstall || exit 0

npm WARN rollback Rolling back readable-stream@2.3.6 failed (this is probably harmless): EPERM: operation not permitted, lstat 'C:\Users\Parinda\AppData\Roaming\npm\node_modules\nodemon\node_modules\fsevents\node_modules'
npm WARN optional SKIPPING OPTIONAL DEPENDENCY: fsevents@1.2.9 (node_modules\nodemon\node_modules\fsevents):
npm WARN notsup SKIPPING OPTIONAL DEPENDENCY: Unsupported platform for fsevents@1.2.9: wanted {"os":"darwin","arch":"any"} (current: {"os":"win32","arch":"x64"})

+ nodemon@1.19.4
updated 1 package in 40.842s

C:\wamp\www\userRegistrationApi>nodemon index
[nodemon] 1.19.4
[nodemon] to restart at any time, enter `rs`
[nodemon] watching dir(s): *.*
[nodemon] watching extensions: js,mjs,json
[nodemon] starting `node index index.js`
[nodemon] clean exit - waiting for changes before restart
[nodemon] restarting due to changes...
[nodemon] starting `node index index.js`
now listning for reqest
[nodemon] restarting due to changes...
[nodemon] starting `node index index.js`
now listning for reqest
^CTerminate batch job (Y/N)? n

C:\wamp\www\userRegistrationApi>npm install mysql --save
npm WARN registry Using stale data from https://registry.npmjs.org/ because the host is inaccessible -- are you offline?
npm WARN registry Using stale data from https://registry.npmjs.org/ due to a request error during revalidation.
npm WARN userRegistrationApi@1.0.0 No description
npm WARN userRegistrationApi@1.0.0 No repository field.

+ mysql@2.17.1
added 9 packages from 14 contributors in 2.954s

C:\wamp\www\userRegistrationApi>npm install body-parser --save
npm WARN userRegistrationApi@1.0.0 No description
npm WARN userRegistrationApi@1.0.0 No repository field.

+ body-parser@1.19.0
updated 1 package and audited 173 packages in 6.423s
found 0 vulnerabilities


C:\wamp\www\userRegistrationApi>nodemon index
[nodemon] 1.19.4
[nodemon] to restart at any time, enter `rs`
[nodemon] watching dir(s): *.*
[nodemon] watching extensions: js,mjs,json
[nodemon] starting `node index index.js`
now listning for reqest
0
0
1
[nodemon] restarting due to changes...
[nodemon] starting `node index index.js`
now listning for reqest
0
0
[nodemon] restarting due to changes...
[nodemon] starting `node index index.js`
now listning for reqest
0
0
1
[nodemon] restarting due to changes...
[nodemon] starting `node index index.js`
now listning for reqest
[nodemon] restarting due to changes...
[nodemon] starting `node index index.js`
now listning for reqest
[nodemon] restarting due to changes...
[nodemon] starting `node index index.js`
now listning for reqest
[nodemon] restarting due to changes...
[nodemon] starting `node index index.js`
now listning for reqest
[nodemon] restarting due to changes...
[nodemon] starting `node index index.js`
now listning for reqest
OkPacket {
  fieldCount: 0,
  affectedRows: 1,
  insertId: 0,
  serverStatus: 2,
  warningCount: 0,
  message: '(Rows matched: 1  Changed: 1  Warnings: 0',
  protocol41: true,
  changedRows: 1 }
OkPacket {
  fieldCount: 0,
  affectedRows: 0,
  insertId: 0,
  serverStatus: 2,
  warningCount: 0,
  message: '(Rows matched: 0  Changed: 0  Warnings: 0',
  protocol41: true,
  changedRows: 0 }
[nodemon] restarting due to changes...
[nodemon] starting `node index index.js`
now listning for reqest
0
[nodemon] restarting due to changes...
[nodemon] starting `node index index.js`
now listning for reqest
[nodemon] restarting due to changes...
[nodemon] starting `node index index.js`
now listning for reqest
[nodemon] restarting due to changes...
[nodemon] starting `node index index.js`
now listning for reqest
C:\wamp\www\userRegistrationApi>npm install multer --save
npm WARN userRegistrationApi@1.0.0 No description
npm WARN userRegistrationApi@1.0.0 No repository field.

+ multer@1.4.2
added 18 packages from 12 contributors and audited 212 packages in 8.704s
found 0 vulnerabilities
